排除名单(1): 私人知识库
上次同步: 2026-09-17 14:25:28.457123+00:00
语雀共 10 个知识库，排除 1 个，本次同步 9 个：SpringBoot的学习(79篇), Git(4篇), Python笔记(99篇), 英语(4篇), SQL(21篇), 其他知识(139篇), 前端(73篇), 数学(41篇), Java笔记(177篇)
孤儿目录处理完毕（移出 0 个）
已有文档 633 篇（按 doc_id 识别）

== 《SpringBoot的学习》 节点 79 ==
  失败: stringboot
  失败: 注解
《SpringBoot的学习》完成

== 《Git》 节点 4 ==
《Git》完成

== 《Python笔记》 节点 99 ==
  失败: 封装
《Python笔记》完成

== 《英语》 节点 4 ==
《英语》完成

== 《SQL》 节点 21 ==
《SQL》完成

== 《其他知识》 节点 139 ==
《其他知识》完成

== 《前端》 节点 73 ==
《前端》完成

== 《数学》 节点 41 ==
《数学》完成

== 《Java笔记》 节点 177 ==
  失败: Map
《Java笔记》完成

导出汇总: 新增 0 | 更新 0 | 跳过 633 | 空壳 0 | 失败 4 | 非文档 0
索引已刷新，总 633 篇
提交: [main 57c78fc] 自动同步 语雀笔记 2026-09-18 10:04
 2 files changed, 1 insertion(+), 1 deletion(-)
 create mode 100644 .workbuddy/memory/automations/e5df5534-3bbf-4eb6-a8b8-d21a9b0f901e/run_2026-09-18.log
推送成功 ✅
同步状态已记录: 2026-09-18T02:04:08.647016+00:00
全部完成 ✅
EXIT_CODE=0
